Microsoft Windows [Version 10.0.14393]
(c) 2016 Microsoft Corporation. All rights reserved.

C:\Users\Administrator\Desktop\user-package>npm install

changed 1 package, and audited 781 packages in 4s

111 packages are looking for funding
  run `npm fund` for details

3 moderate severity vulnerabilities

To address all issues (including breaking changes), run:
  npm audit fix --force

Run `npm audit` for details.

C:\Users\Administrator\Desktop\user-package>npm run build

> email-sender-desktop@1.0.0 build
> vite build

The CJS build of Vite's Node API is deprecated. See https://vite.dev/guide/troubleshooting.html#vite-cjs-node-api-deprecated for more details.
vite v5.4.20 building for production...
✓ 1717 modules transformed.
../dist/index.html                   2.20 kB │ gzip:   0.86 kB
../dist/assets/index-Dchs-LxX.css   40.96 kB │ gzip:   7.77 kB
../dist/assets/index-Bc8MnbIP.js   360.15 kB │ gzip: 112.18 kB
✓ built in 6.97s

C:\Users\Administrator\Desktop\user-package>npm run electron

> email-sender-desktop@1.0.0 electron
> electron .


[Electron] Listing files in: ./files
[Electron] Resolved directory: C:\Users\Administrator\Desktop\user-package\files
[Electron] Listing files in: ./files/logo
[Electron] Resolved directory: C:\Users\Administrator\Desktop\user-package\files\logo
[Electron] Found 2 HTML files in ./files: [ 'ok.html', 'sample-template.html' ]
[Electron] Found 0 HTML files in ./files/logo: []

C:\Users\Administrator\Desktop\user-package>npm run build

> email-sender-desktop@1.0.0 build
> vite build

The CJS build of Vite's Node API is deprecated. See https://vite.dev/guide/troubleshooting.html#vite-cjs-node-api-deprecated for more details.
vite v5.4.20 building for production...
✓ 8 modules transformed.
x Build failed in 1.90s
error during build:
[vite:esbuild] Transform failed with 1 error:
C:/Users/Administrator/Desktop/user-package/client/src/pages/OriginalEmailSender.tsx:562:8: ERROR: Expected "finally" but found "else"
file: C:/Users/Administrator/Desktop/user-package/client/src/pages/OriginalEmailSender.tsx:562:8

Expected "finally" but found "else"
560|          setTimeout(() => setStatusText("Ready to send emails"), 2000);
561|          setConfigLoaded(true);
562|        } else {
   |          ^
563|          setStatusText('Failed to load configuration');
564|        }

    at failureErrorWithLog (C:\Users\Administrator\Desktop\user-package\node_modules\esbuild\lib\main.js:1472:15)
    at C:\Users\Administrator\Desktop\user-package\node_modules\esbuild\lib\main.js:755:50
    at responseCallbacks.<computed> (C:\Users\Administrator\Desktop\user-package\node_modules\esbuild\lib\main.js:622:9)
    at handleIncomingPacket (C:\Users\Administrator\Desktop\user-package\node_modules\esbuild\lib\main.js:677:12)
    at Socket.readFromStdout (C:\Users\Administrator\Desktop\user-package\node_modules\esbuild\lib\main.js:600:7)
    at Socket.emit (node:events:508:28)
    at addChunk (node:internal/streams/readable:559:12)
    at readableAddChunkPushByteMode (node:internal/streams/readable:510:3)
    at Readable.push (node:internal/streams/readable:390:5)
    at Pipe.onStreamRead (node:internal/stream_base_commons:189:23)

C:\Users\Administrator\Desktop\user-package>npm install

changed 1 package, and audited 781 packages in 3s

111 packages are looking for funding
  run `npm fund` for details

3 moderate severity vulnerabilities

To address all issues (including breaking changes), run:
  npm audit fix --force

Run `npm audit` for details.

C:\Users\Administrator\Desktop\user-package>